04-Analitica-de-Datos/Unidad1/Tema1-Semana2/ejercicio_fases_analitica_farmacia.csv
semana,fecha_semana,producto,precio_unit,promo,stock_inicio_sem,unidades_vendidas,stock_fin_sem,stockout_sem,lluvia_mm_sem,prox_feriado,competencia_precio,lead_time_dias,riesgo_quiebre_prox_sem
1,2024-01-01,Probiotico,4.17,0,75,6,69,0,24.6,1,4.15,3,0
2,2024-01-08,Probiotico,3.42,1,26,11,15,0,27.5,0,3.44,4,1
3,2024-01-15,Probiotico,4.1,0,67,8,59,0,10.8,0,4.35,6,0
4,2024-01-22,Probiotico,4.19,0,91,7,84,0,40.1,0,4.26,5,0
5,2024-01-29,Probiotico,4.05,0,85,9,76,0,20.8,0,4.07,4,0
6,2024-02-05,Probiotico,3.35,1,89,8,81,0,17.7,0,3.5,4,0
7,2024-02-12,Probiotico,4.18,0,62,6,56,0,0.0,0,3.93,3,0
8,2024-02-19,Probiotico,4.04,0,43,11,32,0,56.3,1,4.31,4,0
9,2024-02-26,Probiotico,3.65,0,84,8,76,0,25.5,0,3.96,4,0
10,2024-03-04,Probiotico,3.58,1,108,6,102,0,45.0,0,3.53,3,0
11,2024-03-11,Probiotico,4.08,0,35,8,27,0,41.9,0,4.32,7,0
12,2024-03-18,Probiotico,3.73,0,69,7,62,0,35.4,0,3.84,5,0
13,2024-03-25,Probiotico,4.17,0,85,10,75,0,4.9,0,4.36,7,0
14,2024-04-01,Probiotico,3.9,0,38,7,31,0,24.3,0,3.9,5,0
15,2024-04-08,Probiotico,3.53,1,45,7,38,0,15.9,0,3.71,4,0
16,2024-04-15,Probiotico,3.16,1,44,8,36,0,11.1,0,3.22,4,0
17,2024-04-22,Probiotico,3.78,0,50,9,41,0,0.0,1,3.93,3,0
18,2024-04-29,Probiotico,3.95,0,20,7,13,0,20.4,0,4.21,2,0
19,2024-05-06,Probiotico,4.04,0,87,11,76,0,14.8,0,4.31,2,0
20,2024-05-13,Probiotico,3.93,0,92,8,84,0,15.2,0,4.0,7,0
21,2024-05-20,Probiotico,3.57,1,69,13,56,0,18.3,0,3.81,4,0
22,2024-05-27,Probiotico,4.06,0,85,11,74,0,0.0,1,4.05,4,0
23,2024-06-03,Probiotico,3.86,0,77,6,71,0,37.0,0,3.99,5,0
24,2024-06-10,Probiotico,4.3,0,92,6,86,0,16.6,0,4.52,3,0
25,2024-06-17,Probiotico,4.03,0,68,10,58,0,11.3,0,4.26,5,0
26,2024-06-24,Probiotico,4.04,0,40,9,31,0,16.1,0,4.29,3,0
